{"dates":{"birthdate":"2006-11-14","appointment":"2006-11-14T12:30","appointment":"2006-11-14T12:30:00"}}
