{"zoo":{"fish":{"name":"whale","weight":null},"bird":{"name":"owl"}}}
