{"productRating":{"rating":{"ratingCode":"PG-13"},"explaination":null}}
