{"nodes":{"ding:dong-dang.dung":"Namespaced element with dash and dot","yo123-ho456":null,"yo123-ho457":"data","nil":null,"empty":null}}
