{"types":{"true-boolean":true,"false-boolean":false,"object":{"zooi":"jaja","zut":"frot"},"array":[null,true,2,3,4,5,"six",{"key":"item","value":7}]}}
