/*
XML-isms in a giant blob of text.
 */"\n  \n<div id=\"test\">\n<span>This is \"text\", &lt;dude&gt;.<\/span>\n<span>c:\\windows<\/span>\n<\/div>\n\n"
